// Jest Snapshot v1, https://goo.gl/fbAQLP

exports[`<Nav /> Snapshot Should match the snapshot 1`] = `
<DocumentFragment>
  <header
    class="py-4 text-[#0D162F] font-medium bg-transparent mx-4"
  >
    <nav
      class="max-w-[1228px] rounded-3xl mx-auto bg-white py-4 px-8"
      style="box-shadow: 0 0 1px rgba(22, 19, 74, .5), 0 -2px rgba(22, 19, 74, .08), 0 2px 2px rgba(22, 19, 74, .05), 0 9px 13px rgba(13, 22, 47, .1);"
    >
      <ul
        class="flex justify-between items-center"
      >
        <li
          class="cursor-pointer"
        >
          <span
            class="font-bold"
            href="/"
          >
            RCOUNTRIESG
          </span>
        </li>
        <div
          class="flex gap-3"
        >
          <li>
            <a
              class="flex gap-2 items-center hover:text-[#868a97]"
              href="https://geampiere.vercel.app"
              role="links"
              target="_blank"
            >
              Portfolio
            </a>
          </li>
          <li>
            <a
              class="flex gap-2 items-center hover:text-[#868a97]"
              href="https://github.com/geamdev"
              role="links"
              target="_blank"
            >
              Github
            </a>
          </li>
        </div>
      </ul>
    </nav>
  </header>
</DocumentFragment>
`;
